
> react-kavia@0.1.0 start
> cross-env EDIT_MODE=true webpack serve --config .ve/webpack.config.js --mode development

<i> [webpack-dev-server] Project is running at:
<i> [webpack-dev-server] Loopback: http://localhost:3000/, http://[::1]:3000/
<i> [webpack-dev-server] On Your Network (IPv4): http://172.17.0.2:3000/
<i> [webpack-dev-server] Content not from webpack is served from './public' directory
Injecting EditorRootWrapper import: ../.ve/EditorRootWrapper
asset bundle.js 1.41 MiB [emitted] (name: main)
asset index.html 1.92 KiB [emitted]
runtime modules 27.5 KiB 14 modules
modules by path ./node_modules/ 1.24 MiB 31 modules
modules by path ./src/ 14.9 KiB
  modules by path ./src/*.css 11.5 KiB 6 modules
  modules by path ./src/*.js 2.11 KiB
    ./src/index.js 701 bytes [built] [code generated]
    ./src/App.js 1.43 KiB [built] [code generated]
  ./src/TopNavBar.jsx 1.35 KiB [built] [code generated]
modules by path ./.ve/ 15.1 KiB
  modules by path ./.ve/*.js 10.6 KiB 2 modules
  modules by path ./.ve/*.css 2.93 KiB
    ./.ve/EditorOverlay.css 2.25 KiB [built] [code generated]
    ./node_modules/css-loader/dist/cjs.js!./.ve/EditorOverlay.css 697 bytes [built] [code generated]
  ./.ve/EditorOverlay.jsx 1.58 KiB [built] [code generated]
webpack 5.99.9 compiled successfully in 1400 ms
Injecting EditorRootWrapper import: ../.ve/EditorRootWrapper
assets by status 1.92 KiB [cached] 1 asset
assets by path *.js 1.41 MiB
  asset bundle.js 1.41 MiB [emitted] (name: main)
  asset main.0d40f6d08e1ca18bb0d6.hot-update.js 3.1 KiB [emitted] [immutable] [hmr] (name: main)
asset main.0d40f6d08e1ca18bb0d6.hot-update.json 28 bytes [emitted] [immutable] [hmr]
Entrypoint main 1.41 MiB = bundle.js 1.41 MiB main.0d40f6d08e1ca18bb0d6.hot-update.js 3.1 KiB
cached modules 1.27 MiB [cached] 44 modules
runtime modules 27.5 KiB 14 modules
./src/index.js 874 bytes [built] [code generated]
webpack 5.99.9 compiled successfully in 84 ms
Injecting EditorRootWrapper import: ../.ve/EditorRootWrapper
assets by status 1.92 KiB [cached] 1 asset
assets by path *.js 1.41 MiB
  asset bundle.js 1.41 MiB [emitted] (name: main)
  asset main.d5f9e98b701d1cc762d1.hot-update.js 3.07 KiB [emitted] [immutable] [hmr] (name: main)
asset main.d5f9e98b701d1cc762d1.hot-update.json 28 bytes [emitted] [immutable] [hmr]
Entrypoint main 1.41 MiB = bundle.js 1.41 MiB main.d5f9e98b701d1cc762d1.hot-update.js 3.07 KiB
cached modules 1.27 MiB [cached] 44 modules
runtime modules 27.5 KiB 14 modules
./src/index.js 844 bytes [built] [code generated]
webpack 5.99.9 compiled successfully in 61 ms
Injecting EditorRootWrapper import: ../.ve/EditorRootWrapper
assets by status 1.92 KiB [cached] 1 asset
assets by path *.js 1.41 MiB
  asset bundle.js 1.41 MiB [emitted] (name: main)
  asset main.23c988accf953d40829a.hot-update.js 3.07 KiB [emitted] [immutable] [hmr] (name: main)
asset main.23c988accf953d40829a.hot-update.json 28 bytes [emitted] [immutable] [hmr]
Entrypoint main 1.41 MiB = bundle.js 1.41 MiB main.23c988accf953d40829a.hot-update.js 3.07 KiB
cached modules 1.27 MiB [cached] 44 modules
runtime modules 27.5 KiB 14 modules
./src/index.js 845 bytes [built] [code generated]
webpack 5.99.9 compiled successfully in 53 ms
Injecting EditorRootWrapper import: ../.ve/EditorRootWrapper
assets by status 1.92 KiB [cached] 1 asset
assets by path *.js 1.41 MiB
  asset bundle.js 1.41 MiB [emitted] (name: main)
  asset main.e2961768a41226a81dbe.hot-update.js 2.75 KiB [emitted] [immutable] [hmr] (name: main)
asset main.e2961768a41226a81dbe.hot-update.json 28 bytes [emitted] [immutable] [hmr]
Entrypoint main 1.41 MiB = bundle.js 1.41 MiB main.e2961768a41226a81dbe.hot-update.js 2.75 KiB
cached modules 1.27 MiB [cached] 44 modules
runtime modules 27.5 KiB 14 modules
./src/index.js 530 bytes [built] [code generated]
webpack 5.99.9 compiled successfully in 46 ms
